OWNER=00
CLASS=0001
RRTTL=00000001
RTYPE=0002
RDATA=00
------
