OWNER=00
CLASS=0001
RRTTL=00000001
RTYPE=0002
RDATA=00
------
OWNER=00
CLASS=0001
RRTTL=00000001
RTYPE=0002
RDATA=00
------
WARNG=ZS_UNSUPPORTED_TYPE
------
WARNG=ZS_UNSUPPORTED_TYPE
------
