WARNG=ZS_BAD_RDATA
------
ERROR=ZS_UNPROCESSED_INCLUDE
------
