ERROR=ZS_BAD_NUMBER
------
ERROR=ZS_UNPROCESSED_INCLUDE
------
