OWNER=00
CLASS=0001
RRTTL=00000000
RTYPE=0010
RDATA=015C
------
