OWNER=00
CLASS=0001
RRTTL=00000001
RTYPE=0001
RDATA=00000000
------
OWNER=00
CLASS=0001
RRTTL=00000001
RTYPE=0001
RDATA=FFFFFFFF
------
OWNER=00
CLASS=0001
RRTTL=00000001
RTYPE=0001
RDATA=00000000
------
OWNER=00
CLASS=0001
RRTTL=00000001
RTYPE=0001
RDATA=00000000
------
OWNER=00
CLASS=0001
RRTTL=00000001
RTYPE=0001
RDATA=00000000
------
OWNER=00
CLASS=0001
RRTTL=00000001
RTYPE=0001
RDATA=00000000
------
WARNG=ZS_BAD_ADDRESS_CHAR
------
WARNG=ZS_BAD_ADDRESS_CHAR
------
WARNG=ZS_BAD_HEX_CHAR
------
WARNG=ZS_BAD_IPV4
------
WARNG=ZS_BAD_IPV4
------
WARNG=ZS_BAD_ADDRESS_CHAR
------
WARNG=ZS_BAD_REST
------
