OWNER=00
CLASS=0001
RRTTL=00000001
RTYPE=001C
RDATA=00000000000000000000000000000000
------
OWNER=00
CLASS=0001
RRTTL=00000001
RTYPE=001C
RDATA=FFFFFFFFFFFFFFFFFFFFFFFFFFFFFFFF
------
OWNER=00
CLASS=0001
RRTTL=00000001
RTYPE=001C
RDATA=00000000000000000000000000000000
------
OWNER=00
CLASS=0001
RRTTL=00000001
RTYPE=001C
RDATA=00000000000000000000000000000000
------
OWNER=00
CLASS=0001
RRTTL=00000001
RTYPE=001C
RDATA=00000000000000000000000000000000
------
OWNER=00
CLASS=0001
RRTTL=00000001
RTYPE=001C
RDATA=00000000000000000000000001020304
------
OWNER=00
CLASS=0001
RRTTL=00000001
RTYPE=001C
RDATA=00000000000000000000000000000000
------
OWNER=00
CLASS=0001
RRTTL=00000001
RTYPE=001C
RDATA=00000000000000000000000000000000
------
WARNG=ZS_BAD_ADDRESS_CHAR
------
WARNG=ZS_BAD_ADDRESS_CHAR
------
WARNG=ZS_BAD_HEX_CHAR
------
WARNG=ZS_BAD_IPV6
------
WARNG=ZS_BAD_IPV6
------
WARNG=ZS_BAD_ADDRESS_CHAR
------
WARNG=ZS_BAD_REST
------
