OWNER=00
CLASS=0001
RRTTL=00000001
RTYPE=000F
RDATA=000000
------
OWNER=00
CLASS=0001
RRTTL=00000001
RTYPE=000F
RDATA=FFFF00
------
OWNER=00
CLASS=0001
RRTTL=00000001
RTYPE=000F
RDATA=0001046D61696C00
------
OWNER=00
CLASS=0001
RRTTL=00000001
RTYPE=000F
RDATA=0001046D61696C03746C6400
------
OWNER=00
CLASS=0001
RRTTL=00000001
RTYPE=000F
RDATA=000100
------
OWNER=00
CLASS=0001
RRTTL=00000001
RTYPE=000F
RDATA=000100
------
OWNER=00
CLASS=0001
RRTTL=00000001
RTYPE=000F
RDATA=000100
------
OWNER=00
CLASS=0001
RRTTL=00000001
RTYPE=000F
RDATA=000100
------
WARNG=ZS_BAD_NUMBER
------
WARNG=ZS_BAD_NUMBER
------
WARNG=ZS_BAD_HEX_CHAR
------
WARNG=ZS_BAD_NUMBER
------
WARNG=ZS_NUMBER16_OVERFLOW
------
WARNG=ZS_BAD_RDATA
------
WARNG=ZS_BAD_REST
------
