OWNER=00
CLASS=0001
RRTTL=00000001
RTYPE=000D
RDATA=0000
------
OWNER=00
CLASS=0001
RRTTL=00000001
RTYPE=000D
RDATA=01610162
------
OWNER=00
CLASS=0001
RRTTL=00000001
RTYPE=000D
RDATA=01200120
------
OWNER=00
CLASS=0001
RRTTL=00000001
RTYPE=000D
RDATA=01200120
------
OWNER=00
CLASS=0001
RRTTL=00000001
RTYPE=000D
RDATA=01150116
------
OWNER=00
CLASS=0001
RRTTL=00000001
RTYPE=000D
RDATA=035C2022035C2022
------
OWNER=00
CLASS=0001
RRTTL=00000001
RTYPE=000D
RDATA=0566697273740123
------
OWNER=00
CLASS=0001
RRTTL=00000001
RTYPE=000D
RDATA=0000
------
OWNER=00
CLASS=0001
RRTTL=00000001
RTYPE=000D
RDATA=0000
------
OWNER=00
CLASS=0001
RRTTL=00000001
RTYPE=000D
RDATA=0000
------
OWNER=00
CLASS=0001
RRTTL=00000001
RTYPE=000D
RDATA=FF6162636465666768696A6B6C6D6E6F707172737475767778797A313233343536373839304142434445464748494A4B4C4D4E6162636465666768696A6B6C6D6E6F707172737475767778797A313233343536373839304142434445464748494A4B4C4D4E6162636465666768696A6B6C6D6E6F707172737475767778797A313233343536373839304142434445464748494A4B4C4D4E6162636465666768696A6B6C6D6E6F707172737475767778797A313233343536373839304142434445464748494A4B4C4D4E6162636465666768696A6B6C6D6E6F707172737475767778797A313233343536373839304142434445464748494A4B4C4D4E313233343500
------
OWNER=00
CLASS=0001
RRTTL=00000001
RTYPE=000D
RDATA=0000
------
WARNG=ZS_BAD_RDATA
------
WARNG=ZS_BAD_RDATA
------
WARNG=ZS_BAD_HEX_CHAR
------
WARNG=ZS_BAD_NUMBER
------
WARNG=ZS_NUMBER8_OVERFLOW
------
WARNG=ZS_BAD_TEXT
------
WARNG=ZS_BAD_REST
------
WARNG=ZS_ITEM_OVERFLOW
------
