OWNER=00
CLASS=0001
RRTTL=00000001
RTYPE=0011
RDATA=046D61696C00046D61696C03746C6400
------
OWNER=00
CLASS=0001
RRTTL=00000001
RTYPE=0011
RDATA=0000
------
OWNER=00
CLASS=0001
RRTTL=00000001
RTYPE=0011
RDATA=0000
------
OWNER=00
CLASS=0001
RRTTL=00000001
RTYPE=0011
RDATA=0000
------
OWNER=00
CLASS=0001
RRTTL=00000001
RTYPE=0011
RDATA=0000
------
WARNG=ZS_BAD_RDATA
------
