OWNER=00
CLASS=0001
RRTTL=00000001
RTYPE=0023
RDATA=0000000000000000
------
OWNER=00
CLASS=0001
RRTTL=00000001
RTYPE=0023
RDATA=FFFFFFFF00000000
------
OWNER=00
CLASS=0001
RRTTL=00000001
RTYPE=0023
RDATA=FFFFFFFF00001F215E75726E3A6369643A2E2B40285B5E2E5D2B2E29282E2A2924215C32216900
------
OWNER=00
CLASS=0001
RRTTL=00000001
RTYPE=0023
RDATA=00000000000000082030205C222E402A03746C6400
------
OWNER=00
CLASS=0001
RRTTL=00000001
RTYPE=0023
RDATA=0000000000000000
------
OWNER=00
CLASS=0001
RRTTL=00000001
RTYPE=0023
RDATA=0000000000000000
------
OWNER=00
CLASS=0001
RRTTL=00000001
RTYPE=0023
RDATA=0000000000000000
------
WARNG=ZS_BAD_NUMBER
------
WARNG=ZS_BAD_NUMBER
------
WARNG=ZS_BAD_HEX_CHAR
------
WARNG=ZS_NUMBER16_OVERFLOW
------
WARNG=ZS_NUMBER16_OVERFLOW
------
WARNG=ZS_BAD_REST
------
WARNG=ZS_BAD_RDATA
------
