OWNER=00
CLASS=0001
RRTTL=00000001
RTYPE=0000
RDATA=
------
OWNER=00
CLASS=0001
RRTTL=00000001
RTYPE=FFFF
RDATA=
------
OWNER=00
CLASS=0001
RRTTL=00000001
RTYPE=D903
RDATA=
------
OWNER=00
CLASS=0001
RRTTL=00000001
RTYPE=D903
RDATA=00
------
OWNER=00
CLASS=0001
RRTTL=00000001
RTYPE=0001
RDATA=00000000
------
OWNER=00
CLASS=0001
RRTTL=00000001
RTYPE=0001
RDATA=00000000
------
OWNER=00
CLASS=0001
RRTTL=00000001
RTYPE=D903
RDATA=0102030405
------
OWNER=00
CLASS=0001
RRTTL=00000001
RTYPE=D903
RDATA=
------
WARNG=ZS_CANNOT_TEXT_DATA
------
WARNG=ZS_CANNOT_TEXT_DATA
------
WARNG=ZS_NUMBER16_OVERFLOW
------
WARNG=ZS_BAD_NUMBER
------
WARNG=ZS_BAD_NUMBER
------
WARNG=ZS_BAD_RDATA_LENGTH
------
WARNG=ZS_BAD_RDATA_LENGTH
------
WARNG=ZS_BAD_HEX_CHAR
------
