OWNER=00
CLASS=0001
RRTTL=00000001
RTYPE=002A
RDATA=
------
OWNER=00
CLASS=0001
RRTTL=00000001
RTYPE=002A
RDATA=00010000
------
OWNER=00
CLASS=0001
RRTTL=00000001
RTYPE=002A
RDATA=00012004FFFFFFFF
------
OWNER=00
CLASS=0001
RRTTL=00000001
RTYPE=002A
RDATA=00011E04FFFFFFFF
------
OWNER=00
CLASS=0001
RRTTL=00000001
RTYPE=002A
RDATA=00020000
------
OWNER=00
CLASS=0001
RRTTL=00000001
RTYPE=002A
RDATA=00020000
------
OWNER=00
CLASS=0001
RRTTL=00000001
RTYPE=002A
RDATA=00028000
------
OWNER=00
CLASS=0001
RRTTL=00000001
RTYPE=002A
RDATA=00020206FFFFFFFFFFFF
------
OWNER=00
CLASS=0001
RRTTL=00000001
RTYPE=002A
RDATA=00010080
------
OWNER=00
CLASS=0001
RRTTL=00000001
RTYPE=002A
RDATA=0001000000012004FFFFFFFF
------
OWNER=00
CLASS=0001
RRTTL=00000001
RTYPE=002A
RDATA=00010000
------
OWNER=00
CLASS=0001
RRTTL=00000001
RTYPE=002A
RDATA=00010000
------
OWNER=00
CLASS=0001
RRTTL=00000001
RTYPE=002A
RDATA=
------
OWNER=00
CLASS=0001
RRTTL=00000001
RTYPE=002A
RDATA=00010000
------
WARNG=ZS_BAD_APL
------
WARNG=ZS_BAD_APL
------
WARNG=ZS_BAD_APL
------
WARNG=ZS_BAD_IPV6
------
WARNG=ZS_BAD_ADDRESS_CHAR
------
WARNG=ZS_BAD_APL
------
WARNG=ZS_BAD_APL
------
WARNG=ZS_BAD_IPV6
------
WARNG=ZS_BAD_APL
------
WARNG=ZS_BAD_APL
------
