OWNER=00
CLASS=0001
RRTTL=00000001
RTYPE=002D
RDATA=000000
------
OWNER=00
CLASS=0001
RRTTL=00000001
RTYPE=002D
RDATA=FF03FF0000
------
OWNER=00
CLASS=0001
RRTTL=00000001
RTYPE=002D
RDATA=00010000000000
------
OWNER=00
CLASS=0001
RRTTL=00000001
RTYPE=002D
RDATA=00020000000000000000000000000000000000
------
OWNER=00
CLASS=0001
RRTTL=00000001
RTYPE=002D
RDATA=000300082030205C222E402A03746C6400
------
OWNER=00
CLASS=0001
RRTTL=00000001
RTYPE=002D
RDATA=000001666F
------
OWNER=00
CLASS=0001
RRTTL=00000001
RTYPE=002D
RDATA=000001666F6F
------
OWNER=00
CLASS=0001
RRTTL=00000001
RTYPE=002D
RDATA=000001666F6F62
------
OWNER=00
CLASS=0001
RRTTL=00000001
RTYPE=002D
RDATA=000001666F6F6261
------
OWNER=00
CLASS=0001
RRTTL=00000001
RTYPE=002D
RDATA=000000
------
OWNER=00
CLASS=0001
RRTTL=00000001
RTYPE=002D
RDATA=00000100
------
OWNER=00
CLASS=0001
RRTTL=00000001
RTYPE=002D
RDATA=00000100
------
WARNG=ZS_BAD_NUMBER
------
WARNG=ZS_BAD_NUMBER
------
WARNG=ZS_BAD_HEX_CHAR
------
WARNG=ZS_NUMBER8_OVERFLOW
------
WARNG=ZS_BAD_GATEWAY
------
WARNG=ZS_NUMBER8_OVERFLOW
------
WARNG=ZS_BAD_GATEWAY_KEY
------
WARNG=ZS_BAD_GATEWAY
------
WARNG=ZS_BAD_BASE64_CHAR
------
WARNG=ZS_BAD_GATEWAY_KEY
------
WARNG=ZS_BAD_NUMBER
------
