OWNER=00
CLASS=0001
RRTTL=00000001
RTYPE=002F
RDATA=00
------
OWNER=00
CLASS=0001
RRTTL=00000001
RTYPE=002F
RDATA=082030205C222E402A03746C6400
------
OWNER=00
CLASS=0001
RRTTL=00000001
RTYPE=002F
RDATA=00000180
------
OWNER=00
CLASS=0001
RRTTL=00000001
RTYPE=002F
RDATA=00FF200000000000000000000000000000000000000000000000000000000000000001
------
OWNER=00
CLASS=0001
RRTTL=00000001
RTYPE=002F
RDATA=000001E0
------
OWNER=00
CLASS=0001
RRTTL=00000001
RTYPE=002F
RDATA=00000180010180020180800180
------
OWNER=00
CLASS=0001
RRTTL=00000001
RTYPE=002F
RDATA=00
------
OWNER=00
CLASS=0001
RRTTL=00000001
RTYPE=002F
RDATA=00
------
OWNER=00
CLASS=0001
RRTTL=00000001
RTYPE=002F
RDATA=00
------
WARNG=ZS_BAD_RDATA
------
WARNG=ZS_BAD_RDATA
------
WARNG=ZS_BAD_HEX_CHAR
------
WARNG=ZS_NUMBER16_OVERFLOW
------
WARNG=ZS_BAD_BITMAP
------
