OWNER=00
CLASS=0001
RRTTL=00000001
RTYPE=0031
RDATA=00
------
OWNER=00
CLASS=0001
RRTTL=00000001
RTYPE=0031
RDATA=666F
------
OWNER=00
CLASS=0001
RRTTL=00000001
RTYPE=0031
RDATA=666F6F
------
OWNER=00
CLASS=0001
RRTTL=00000001
RTYPE=0031
RDATA=666F6F62
------
OWNER=00
CLASS=0001
RRTTL=00000001
RTYPE=0031
RDATA=666F6F6261
------
OWNER=00
CLASS=0001
RRTTL=00000001
RTYPE=0031
RDATA=00
------
OWNER=00
CLASS=0001
RRTTL=00000001
RTYPE=0031
RDATA=00
------
OWNER=00
CLASS=0001
RRTTL=00000001
RTYPE=0031
RDATA=00
------
WARNG=ZS_BAD_RDATA
------
WARNG=ZS_BAD_RDATA
------
WARNG=ZS_BAD_HEX_CHAR
------
WARNG=ZS_BAD_BASE64_CHAR
------
WARNG=ZS_BAD_BASE64_CHAR
------
WARNG=ZS_BAD_BASE64_CHAR
------
WARNG=ZS_BAD_BASE64_CHAR
------
WARNG=ZS_BAD_BASE64_CHAR
------
WARNG=ZS_BAD_RDATA
------
WARNG=ZS_BAD_RDATA
------
WARNG=ZS_BAD_RDATA
------
WARNG=ZS_BAD_RDATA
------
