OWNER=00
CLASS=0001
RRTTL=00000001
RTYPE=0033
RDATA=0000000000
------
OWNER=00
CLASS=0001
RRTTL=00000001
RTYPE=0033
RDATA=FFFFFFFF00
------
OWNER=00
CLASS=0001
RRTTL=00000001
RTYPE=0033
RDATA=00000000030102FF
------
OWNER=00
CLASS=0001
RRTTL=00000001
RTYPE=0033
RDATA=0000000000
------
OWNER=00
CLASS=0001
RRTTL=00000001
RTYPE=0033
RDATA=0000000000
------
OWNER=00
CLASS=0001
RRTTL=00000001
RTYPE=0033
RDATA=0000000000
------
WARNG=ZS_BAD_NUMBER
------
WARNG=ZS_BAD_NUMBER
------
WARNG=ZS_BAD_HEX_CHAR
------
WARNG=ZS_NUMBER8_OVERFLOW
------
WARNG=ZS_NUMBER8_OVERFLOW
------
WARNG=ZS_NUMBER16_OVERFLOW
------
WARNG=ZS_BAD_HEX_CHAR
------
WARNG=ZS_BAD_HEX_CHAR
------
WARNG=ZS_BAD_REST
------
WARNG=ZS_BAD_REST
------
WARNG=ZS_BAD_HEX_CHAR
------
