OWNER=00
CLASS=0001
RRTTL=00000001
RTYPE=006C
RDATA=000000000000
------
OWNER=00
CLASS=0001
RRTTL=00000001
RTYPE=006C
RDATA=FFFFFFFFFFFF
------
OWNER=00
CLASS=0001
RRTTL=00000001
RTYPE=006C
RDATA=AABBCCDDEEFF
------
OWNER=00
CLASS=0001
RRTTL=00000001
RTYPE=006C
RDATA=000000000000
------
OWNER=00
CLASS=0001
RRTTL=00000001
RTYPE=006C
RDATA=000000000000
------
OWNER=00
CLASS=0001
RRTTL=00000001
RTYPE=006C
RDATA=000000000000
------
OWNER=00
CLASS=0001
RRTTL=00000001
RTYPE=006C
RDATA=000000000000
------
WARNG=ZS_BAD_HEX_CHAR
------
WARNG=ZS_BAD_HEX_CHAR
------
WARNG=ZS_BAD_HEX_CHAR
------
WARNG=ZS_BAD_EUI_LENGTH
------
WARNG=ZS_BAD_EUI_LENGTH
------
WARNG=ZS_BAD_HEX_CHAR
------
WARNG=ZS_BAD_CHAR_DASH
------
WARNG=ZS_BAD_HEX_CHAR
------
WARNG=ZS_BAD_REST
------
