OWNER=00
CLASS=0001
RRTTL=00000001
RTYPE=006D
RDATA=0000000000000000
------
OWNER=00
CLASS=0001
RRTTL=00000001
RTYPE=006D
RDATA=FFFFFFFFFFFFFFFF
------
OWNER=00
CLASS=0001
RRTTL=00000001
RTYPE=006D
RDATA=AABBCCDDEEFF0102
------
OWNER=00
CLASS=0001
RRTTL=00000001
RTYPE=006D
RDATA=0000000000000000
------
OWNER=00
CLASS=0001
RRTTL=00000001
RTYPE=006D
RDATA=0000000000000000
------
OWNER=00
CLASS=0001
RRTTL=00000001
RTYPE=006D
RDATA=0000000000000000
------
OWNER=00
CLASS=0001
RRTTL=00000001
RTYPE=006D
RDATA=0000000000000000
------
WARNG=ZS_BAD_HEX_CHAR
------
WARNG=ZS_BAD_HEX_CHAR
------
WARNG=ZS_BAD_HEX_CHAR
------
WARNG=ZS_BAD_EUI_LENGTH
------
WARNG=ZS_BAD_EUI_LENGTH
------
WARNG=ZS_BAD_HEX_CHAR
------
WARNG=ZS_BAD_CHAR_DASH
------
WARNG=ZS_BAD_HEX_CHAR
------
WARNG=ZS_BAD_REST
------
