OWNER=00
CLASS=0001
RRTTL=00000001
RTYPE=0069
RDATA=000000000000
------
OWNER=00
CLASS=0001
RRTTL=00000001
RTYPE=0069
RDATA=FFFFFFFFFFFF
------
OWNER=00
CLASS=0001
RRTTL=00000001
RTYPE=0069
RDATA=000000000000
------
OWNER=00
CLASS=0001
RRTTL=00000001
RTYPE=0069
RDATA=000000000000
------
OWNER=00
CLASS=0001
RRTTL=00000001
RTYPE=0069
RDATA=000000000000
------
OWNER=00
CLASS=0001
RRTTL=00000001
RTYPE=0069
RDATA=000000000000
------
WARNG=ZS_BAD_NUMBER
------
WARNG=ZS_BAD_NUMBER
------
WARNG=ZS_BAD_HEX_CHAR
------
WARNG=ZS_NUMBER16_OVERFLOW
------
WARNG=ZS_BAD_IPV4
------
WARNG=ZS_BAD_IPV4
------
WARNG=ZS_BAD_IPV4
------
WARNG=ZS_BAD_ADDRESS_CHAR
------
WARNG=ZS_BAD_REST
------
