OWNER=00
CLASS=0001
RRTTL=00000001
RTYPE=006A
RDATA=00000000000000000000
------
OWNER=00
CLASS=0001
RRTTL=00000001
RTYPE=006A
RDATA=FFFFFFFFFFFFFFFFFFFF
------
OWNER=00
CLASS=0001
RRTTL=00000001
RTYPE=006A
RDATA=0000ABCDEF0000000000
------
OWNER=00
CLASS=0001
RRTTL=00000001
RTYPE=006A
RDATA=00000000000000000000
------
OWNER=00
CLASS=0001
RRTTL=00000001
RTYPE=006A
RDATA=00000000000000000000
------
OWNER=00
CLASS=0001
RRTTL=00000001
RTYPE=006A
RDATA=00000000000000000000
------
OWNER=00
CLASS=0001
RRTTL=00000001
RTYPE=006A
RDATA=00000000000000000000
------
WARNG=ZS_BAD_NUMBER
------
WARNG=ZS_BAD_NUMBER
------
WARNG=ZS_BAD_HEX_CHAR
------
WARNG=ZS_NUMBER16_OVERFLOW
------
WARNG=ZS_BAD_L64_LENGTH
------
WARNG=ZS_BAD_L64_LENGTH
------
WARNG=ZS_BAD_HEX_CHAR
------
WARNG=ZS_BAD_CHAR_COLON
------
WARNG=ZS_BAD_HEX_CHAR
------
WARNG=ZS_BAD_REST
------
