OWNER=00
CLASS=0001
RRTTL=00000001
RTYPE=0100
RDATA=0000000061
------
OWNER=00
CLASS=0001
RRTTL=00000001
RTYPE=0100
RDATA=FFFFFFFF6674703A2F2F61
------
OWNER=00
CLASS=0001
RRTTL=00000001
RTYPE=0100
RDATA=000000006674703A2F2F61
------
OWNER=00
CLASS=0001
RRTTL=00000001
RTYPE=0100
RDATA=00000000303132333435363738393031323334353637383930313233343536373839303132333435363738393031323334353637383930313233343536373839303132333435363738393031323334353637383930313233343536373839303132333435363738393031323334353637383930313233343536373839303132333435363738393031323334353637383930313233343536373839303132333435363738393031323334353637383930313233343536373839303132333435363738393031323334353637383930313233343536373839303132333435363738393031323334353637383930313233343536373839303132333435363738393031323334353637383930313233343536373839303132333435363738393031323334353637383930313233343536373839
------
OWNER=00
CLASS=0001
RRTTL=00000001
RTYPE=0100
RDATA=0000000061
------
OWNER=00
CLASS=0001
RRTTL=00000001
RTYPE=0100
RDATA=0000000061
------
OWNER=00
CLASS=0001
RRTTL=00000001
RTYPE=0100
RDATA=0000000061
------
OWNER=00
CLASS=0001
RRTTL=00000001
RTYPE=0100
RDATA=00000000
------
WARNG=ZS_BAD_NUMBER
------
WARNG=ZS_BAD_NUMBER
------
WARNG=ZS_BAD_HEX_CHAR
------
WARNG=ZS_NUMBER16_OVERFLOW
------
WARNG=ZS_NUMBER16_OVERFLOW
------
WARNG=ZS_BAD_REST
------
