OWNER=00
CLASS=0001
RRTTL=00000001
RTYPE=0101
RDATA=00016161
------
OWNER=00
CLASS=0001
RRTTL=00000001
RTYPE=0101
RDATA=FF016161
------
OWNER=00
CLASS=0001
RRTTL=00000001
RTYPE=0101
RDATA=00016161203B2062
------
OWNER=00
CLASS=0001
RRTTL=00000001
RTYPE=0101
RDATA=000161303132333435363738393031323334353637383930313233343536373839303132333435363738393031323334353637383930313233343536373839303132333435363738393031323334353637383930313233343536373839303132333435363738393031323334353637383930313233343536373839303132333435363738393031323334353637383930313233343536373839303132333435363738393031323334353637383930313233343536373839303132333435363738393031323334353637383930313233343536373839303132333435363738393031323334353637383930313233343536373839303132333435363738393031323334353637383930313233343536373839303132333435363738393031323334353637383930313233343536373839
------
OWNER=00
CLASS=0001
RRTTL=00000001
RTYPE=0101
RDATA=00016161
------
OWNER=00
CLASS=0001
RRTTL=00000001
RTYPE=0101
RDATA=00016161
------
OWNER=00
CLASS=0001
RRTTL=00000001
RTYPE=0101
RDATA=00016161
------
OWNER=00
CLASS=0001
RRTTL=00000001
RTYPE=0101
RDATA=000061
------
OWNER=00
CLASS=0001
RRTTL=00000001
RTYPE=0101
RDATA=00016161
------
OWNER=00
CLASS=0001
RRTTL=00000001
RTYPE=0101
RDATA=00246162636465666768696A6B6C6D6E6F707172737475767778797A3031323334353637383961
------
WARNG=ZS_BAD_NUMBER
------
WARNG=ZS_BAD_NUMBER
------
WARNG=ZS_BAD_HEX_CHAR
------
WARNG=ZS_NUMBER8_OVERFLOW
------
WARNG=ZS_BAD_REST
------
